#./src/main/resources/Entities.map
#Tue May 14 21:46:35 CEST 2019
problem7=108
creditCard2=88
problem6=107
creditCard1=78
problem5=106
curricula3=112
problem4=105
application2=125
curricula2=111
problem3=104
application1=124
curricula1=110
problem2=103
problem1=102
item2=134
configuration1=97
item1=133
miscellaneousData5=120
miscellaneousData4=119
miscellaneousData3=118
miscellaneousData2=117
miscellaneousData1=116
notification5=130
notification4=129
notification3=128
notification2=127
notification1=126
educationData3=123
educationData2=122
educationData1=121
admin=77
rookie2=89
rookie1=87
audit2=132
audit1=131
positionData3=115
positionData2=114
positionData1=113
userAccount9=76
company2=95
userAccount8=75
company1=93
userAccount7=74
provider2=81
userAccount6=73
provider1=79
userAccount5=72
userAccount4=71
userAccount3=70
userAccount2=69
userAccount1=68
auditor2=85
auditor1=83
position4=101
creditCard9=82
position3=100
creditCard8=80
position2=99
creditCard7=86
position1=98
finder2=92
creditCard6=84
finder1=91
creditCard5=96
creditCard4=94
problem8=109
creditCard3=90
